exports[`Recipe Detail snapshots 1`] = `
<div>
  No Recipe
</div>
`;
